// Jest Snapshot v1, https://goo.gl/fbAQLP

exports[`<Footer /> renders the <Footer /> with populated data 1`] = `
<div
  class="footer__Container-eh6b4z-0 blaJSi"
>
  <p
    class="footer__Title-eh6b4z-4 gWsYGE"
  >
    Questions? Contact us.
  </p>
  <p
    class="footer__Break-eh6b4z-6 ifqwJo"
  />
  <div
    class="footer__Row-eh6b4z-2 dlsFo"
  >
    <div
      class="footer__Column-eh6b4z-1 OnNbt"
    >
      <a
        class="footer__Link-eh6b4z-3 fpwCmu"
        href="#"
      >
        FAQ
      </a>
      <a
        class="footer__Link-eh6b4z-3 fpwCmu"
        href="#"
      >
        Investor Relations
      </a>
      <a
        class="footer__Link-eh6b4z-3 fpwCmu"
        href="#"
      >
        Ways to Watch
      </a>
      <a
        class="footer__Link-eh6b4z-3 fpwCmu"
        href="#"
      >
        Corporate Information
      </a>
      <a
        class="footer__Link-eh6b4z-3 fpwCmu"
        href="#"
      >
        Netflix Originals
      </a>
    </div>
    <div
      class="footer__Column-eh6b4z-1 OnNbt"
    >
      <a
        class="footer__Link-eh6b4z-3 fpwCmu"
        href="#"
      >
        Help Center
      </a>
      <a
        class="footer__Link-eh6b4z-3 fpwCmu"
        href="#"
      >
        Jobs
      </a>
      <a
        class="footer__Link-eh6b4z-3 fpwCmu"
        href="#"
      >
        Terms of Use
      </a>
      <a
        class="footer__Link-eh6b4z-3 fpwCmu"
        href="#"
      >
        Contact Us
      </a>
    </div>
    <div
      class="footer__Column-eh6b4z-1 OnNbt"
    >
      <a
        class="footer__Link-eh6b4z-3 fpwCmu"
        href="#"
      >
        Account
      </a>
      <a
        class="footer__Link-eh6b4z-3 fpwCmu"
        href="#"
      >
        Redeem Gift
      </a>
      <a
        class="footer__Link-eh6b4z-3 fpwCmu"
        href="#"
      >
        Privacy
      </a>
      <a
        class="footer__Link-eh6b4z-3 fpwCmu"
        href="#"
      >
        Speed Test
      </a>
    </div>
    <div
      class="footer__Column-eh6b4z-1 OnNbt"
    >
      <a
        class="footer__Link-eh6b4z-3 fpwCmu"
        href="#"
      >
        Media Center
      </a>
      <a
        class="footer__Link-eh6b4z-3 fpwCmu"
        href="#"
      >
        Buy Gift Cards
      </a>
      <a
        class="footer__Link-eh6b4z-3 fpwCmu"
        href="#"
      >
        Cookie Preferences
      </a>
      <a
        class="footer__Link-eh6b4z-3 fpwCmu"
        href="#"
      >
        Legal
      </a>
    </div>
  </div>
  <p
    class="footer__Break-eh6b4z-6 ifqwJo"
  />
  <p
    class="footer__Text-eh6b4z-5 bqHGwp"
  >
    Netflix Israel
  </p>
</div>
`;
