// Jest Snapshot v1, https://goo.gl/fbAQLP

exports[`<Jumbotron /> renders the <Jumbotron /> with populated data 1`] = `
<div
  class="jumbotron__Container-sc-1al52go-2 hSJEdc"
>
  <div
    class="jumbotron__Item-sc-1al52go-0 fYzEwu"
  >
    <div
      class="jumbotron__Inner-sc-1al52go-1 cMxUQT"
      direction="row"
    >
      <div
        class="jumbotron__Pane-sc-1al52go-3 rfzx"
      >
        <h1
          class="jumbotron__Title-sc-1al52go-4 hXkZmg"
        >
          Enjoy on your TV.
        </h1>
        <h2
          class="jumbotron__SubTitle-sc-1al52go-5 fQlMVL"
        >
          Watch on smart TVs, PlayStation, Xbox, Chromecast, Apple TV, Blu-ray players and more.
        </h2>
      </div>
      <div
        class="jumbotron__Pane-sc-1al52go-3 rfzx"
      >
        <img
          alt="Tiger King on Netflix"
          class="jumbotron__Image-sc-1al52go-6 MWDvj"
          data-testid="1-jumbo-image"
          src="/images/misc/home-tv.jpg"
        />
      </div>
    </div>
  </div>
  <div
    class="jumbotron__Item-sc-1al52go-0 fYzEwu"
  >
    <div
      class="jumbotron__Inner-sc-1al52go-1 cMxUQT"
      direction="row"
    >
      <div
        class="jumbotron__Pane-sc-1al52go-3 rfzx"
      >
        <h1
          class="jumbotron__Title-sc-1al52go-4 hXkZmg"
        >
          Download your programmes to watch on the go.
        </h1>
        <h2
          class="jumbotron__SubTitle-sc-1al52go-5 fQlMVL"
        >
          Save your data and watch all your favourites offline.
        </h2>
      </div>
      <div
        class="jumbotron__Pane-sc-1al52go-3 rfzx"
      >
        <img
          alt="Watch on mobile"
          class="jumbotron__Image-sc-1al52go-6 MWDvj"
          data-testid="2-jumbo-image"
          src="/images/misc/home-mobile.jpg"
        />
      </div>
    </div>
  </div>
  <div
    class="jumbotron__Item-sc-1al52go-0 fYzEwu"
  >
    <div
      class="jumbotron__Inner-sc-1al52go-1 cMxUQT"
      direction="row"
    >
      <div
        class="jumbotron__Pane-sc-1al52go-3 rfzx"
      >
        <h1
          class="jumbotron__Title-sc-1al52go-4 hXkZmg"
        >
          Watch everywhere.
        </h1>
        <h2
          class="jumbotron__SubTitle-sc-1al52go-5 fQlMVL"
        >
          Stream unlimited films and TV programmes on your phone, tablet, laptop and TV without paying more.
        </h2>
      </div>
      <div
        class="jumbotron__Pane-sc-1al52go-3 rfzx"
      >
        <img
          alt="Money Heist on Netflix"
          class="jumbotron__Image-sc-1al52go-6 MWDvj"
          data-testid="3-jumbo-image"
          src="/images/misc/home-imac.jpg"
        />
      </div>
    </div>
  </div>
</div>
`;
